// Jest Snapshot v1, https://goo.gl/fbAQLP

exports[`codegen element 1`] = `
"import { toDisplayString as _toDisplayString}, createElementVNode as _createElementVNode} } from 'vue'
function render(_ctx, _catch){return _createElementVNode('div', null, 'hi,' + _toDisplayString(_ctx.message))}"
`;

exports[`codegen interpolation 1`] = `
"import { toDisplayString as _toDisplayString} } from 'vue'
function render(_ctx, _catch){return _toDisplayString(_ctx.message)}"
`;

exports[`codegen string 1`] = `
"
function render(_ctx, _catch){return 'hi'}"
`;
